
The experimentalSessionAndOrigin configuration option was removed in Cypress version 12.0.0.

You can safely remove this option from your config.

https://on.cypress.io/session
https://on.cypress.io/origin
Warning: The allowCypressEnv configuration option is enabled. This allows any browser code to read values from Cypress.env(). This is insecure and will be removed in a future major version.

1. Replace Cypress.env() calls with cy.env() (for sensitive values) or Cypress.expose() (for public configuration)
2. Set allowCypressEnv: false in your Cypress configuration to disable Cypress.env()

Learn more: https://on.cypress.io/cypress-env-migration


====================================================================================================

  (Run Starting)

  ┌────────────────────────────────────────────────────────────────────────────────────────────────┐
  │ Cypress:        15.16.0                                                                        │
  │ Browser:        Chrome 148                                                                     │
  │ Node Version:   v24.15.0 (C:\Program Files\nodejs\node.exe)                                    │
  │ Specs:          1 found (DH_EG_04_Self_Registration_TS_REVIEW.js)                              │
  │ Searched:       C:\Users\mubavin\Cypress\EG\cypress-automatison-framework\cypress\e2e\DH\EG\DH │
  │                 _EG_04_Self_Registration_TS_REVIEW.js                                          │
  └────────────────────────────────────────────────────────────────────────────────────────────────┘


────────────────────────────────────────────────────────────────────────────────────────────────────
                                                                                                    
  Running:  DH_EG_04_Self_Registration_TS_REVIEW.js                                         (1 of 1)


  DH_EG_04_Self_Registration_TS [REVIEW]
    Happy path
      1) registers with sequential email, confirms via Yopmail, logs into Ebox


  0 passing (2m)
  1 failing

  1) DH_EG_04_Self_Registration_TS [REVIEW]
       Happy path
         registers with sequential email, confirms via Yopmail, logs into Ebox:

      Timed out retrying after 6000ms
      + expected - actual

      -'Neuer Benutzer DocuHub Portal'
      +'Ihre Registrierung auf DocuHub'
      
      at Context.eval (webpack://cypress-automatison-framework/./cypress/e2e/DH/EG/DH_EG_04_Self_Registration_TS_REVIEW.js:308:9)




  (Results)

  ┌────────────────────────────────────────────────────────────────────────────────────────────────┐
  │ Tests:        1                                                                                │
  │ Passing:      0                                                                                │
  │ Failing:      1                                                                                │
  │ Pending:      0                                                                                │
  │ Skipped:      0                                                                                │
  │ Screenshots:  1                                                                                │
  │ Video:        false                                                                            │
  │ Duration:     2 minutes, 3 seconds                                                             │
  │ Spec Ran:     DH_EG_04_Self_Registration_TS_REVIEW.js                                          │
  └────────────────────────────────────────────────────────────────────────────────────────────────┘


  (Screenshots)

  -  C:\Users\mubavin\Cypress\EG\cypress-automatison-framework\cypress\screenshots\DH     (1920x912)
     _EG_04_Self_Registration_TS_REVIEW.js\DH_EG_04_Self_Registration_TS [REVIEW] --                
     Happy path -- registers with sequential email, confirms via Yopmail, logs into E               
     box (failed).png                                                                               


====================================================================================================

  (Run Finished)


       Spec                                              Tests  Passing  Failing  Pending  Skipped  
  ┌────────────────────────────────────────────────────────────────────────────────────────────────┐
  │ ✖  DH_EG_04_Self_Registration_TS_REVIE      02:03        1        -        1        -        - │
  │    W.js                                                                                        │
  └────────────────────────────────────────────────────────────────────────────────────────────────┘
    ✖  1 of 1 failed (100%)                     02:03        1        -        1        -        -  

